###############################################################################
#
# IAR ELF Linker V8.42.1.233/W32 for ARM                  27/Feb/2020  21:58:41
# Copyright 2007-2019 IAR Systems AB.
#
#    Output file  =
#        C:\Developer\OOP\ooc_book\02_dynamic_linkage\Debug\Exe\02_dynamic_linkage.out
#    Map file     =
#        C:\Developer\OOP\ooc_book\02_dynamic_linkage\Debug\List\02_dynamic_linkage.map
#    Command line =
#        -f C:\Users\ANDRES~1\AppData\Local\Temp\EW950.tmp
#        (C:\Developer\OOP\ooc_book\02_dynamic_linkage\Debug\Obj\main.o
#        C:\Developer\OOP\ooc_book\02_dynamic_linkage\Debug\Obj\new.o
#        C:\Developer\OOP\ooc_book\02_dynamic_linkage\Debug\Obj\string.o
#        --no_out_extension -o
#        C:\Developer\OOP\ooc_book\02_dynamic_linkage\Debug\Exe\02_dynamic_linkage.out
#        --redirect _Printf=_PrintfFullNoMb --redirect _Scanf=_ScanfFullNoMb
#        --map
#        C:\Developer\OOP\ooc_book\02_dynamic_linkage\Debug\List\02_dynamic_linkage.map
#        --config "C:\Program Files (x86)\IAR Systems\Embedded Workbench
#        8.4\arm\config\linker\ST\stm32l475xG.icf" --semihosting --entry
#        __iar_program_start --vfe --text_out locale)
#
###############################################################################

*******************************************************************************
*** RUNTIME MODEL ATTRIBUTES
***

CppFlavor       = *
__Heap_Handler  = Basic
__SystemLibrary = DLib
__dlib_version  = 6


*******************************************************************************
*** HEAP SELECTION
***

The basic heap was selected because some modules are built with
size limitations (and not runtime checking), and --advanced_heap
was not specified.


*******************************************************************************
*** PLACEMENT SUMMARY
***

"A0":  place at address 0x800'0000 { ro section .intvec };
"P1":  place in [from 0x0 to 0x0] |
                [from 0x800'0000 to 0x80f'ffff] { ro };
define block CSTACK with size = 8K, alignment = 8 { };
define block PROC_STACK with size = 0, alignment = 8 { };
define block HEAP with size = 8K, alignment = 8 { };
"P3":  place in [from 0x2000'0000 to 0x2001'7fff] {
          rw, block CSTACK, block PROC_STACK, block HEAP };
initialize by copy { rw };

No sections matched the following patterns:

  ro section application_specific_ro  in "P2|P5"
  rw section application_specific_rw  in "P2|P5"
  section .textrw                     in "P4"


  Section            Kind         Address    Size  Object
  -------            ----         -------    ----  ------
"A0":                                        0x40
  .intvec            ro code   0x800'0000    0x40  vector_table_M.o [4]
                             - 0x800'0040    0x40

"P1":                                      0x2420
  .text              ro code   0x800'0040   0xfa6  xprintffull_nomb.o [2]
  .text              ro code   0x800'0fe6    0x2e  copy_init3.o [4]
  .text              ro code   0x800'1014    0x16  strchr.o [4]
  .text              ro code   0x800'102a     0x2  vector_table_M.o [4]
  .text              ro code   0x800'102c    0x40  xfail_s.o [2]
  .text              ro code   0x800'106c    0x36  strlen.o [4]
  .text              ro code   0x800'10a4    0x58  memchr.o [4]
  .text              ro code   0x800'10fc    0x76  ABImemcpy_unaligned.o [4]
  .text              ro code   0x800'1174    0x70  frexp.o [3]
  .text              ro code   0x800'11e4    0x2e  DblCmpLe.o [3]
  .text              ro code   0x800'1214    0x2e  DblCmpGe.o [3]
  .text              ro code   0x800'1244   0x13a  ldexp.o [3]
  .text              ro code   0x800'1380    0x3a  DblToS32.o [3]
  .text              ro code   0x800'13bc    0x22  S32ToDbl.o [3]
  .text              ro code   0x800'13e0    0xe2  DblSub.o [3]
  .text              ro code   0x800'14c4   0x246  DblDiv.o [3]
  .text              ro code   0x800'170c    0x28  DblToU32.o [3]
  .text              ro code   0x800'1734    0x1a  U32ToDbl.o [3]
  .text              ro code   0x800'1750   0x1a2  DblMul.o [3]
  .text              ro code   0x800'18f4   0x230  I64DivMod.o [4]
  .text              ro code   0x800'1b24     0x6  abort.o [2]
  .text              ro code   0x800'1b2c   0x16a  DblAdd.o [3]
  .text              ro code   0x800'1c98     0x2  I64DivZer.o [4]
  .text              ro code   0x800'1c9c    0x14  exit.o [5]
  .text              ro code   0x800'1cb0    0x2c  iarttio.o [5]
  .text              ro code   0x800'1cdc     0x8  XShttio.o [2]
  .text              ro code   0x800'1ce4   0x170  heap0.o [2]
  .text              ro code   0x800'1e54    0x2c  xgetmemchunk.o [2]
  .text              ro code   0x800'1e80    0x12  xxmemxmemzero.o [2]
  .text              ro code   0x800'1e94   0x108  new.o [1]
  .text              ro code   0x800'1f9c    0x24  ABIassert.o [5]
  .text              ro code   0x800'1fc0     0x4  heaptramp0.o [2]
  .text              ro code   0x800'1fc4    0xa4  string.o [1]
  .text              ro code   0x800'2068    0x18  strcpy.o [4]
  .text              ro code   0x800'2080    0x12  strcmp.o [4]
  .text              ro code   0x800'2094    0x78  main.o [1]
  .text              ro code   0x800'210c    0x28  printf.o [2]
  .text              ro code   0x800'2134    0x35  puts.o [2]
  .text              ro code   0x800'216a    0x10  write.o [5]
  .text              ro code   0x800'217a    0x1e  dwrite.o [5]
  .text              ro code   0x800'2198    0x20  iarwstd.o [5]
  .text              ro code   0x800'21b8    0x22  iarwrite.o [5]
  .text              ro code   0x800'21dc    0x50  iarttio.o [5]
  .text              ro code   0x800'222c    0x24  XShttio.o [2]
  .text              ro code   0x800'2250    0x14  XShttio.o [2]
  .rodata            const     0x800'2264    0x38  string.o [1]
  .rodata            const     0x800'229c    0x34  new.o [1]
  .text              ro code   0x800'22d0    0x28  data_init.o [4]
  .rodata            const     0x800'22f8    0x24  new.o [1]
  .text              ro code   0x800'231c    0x22  fpinit_M.o [3]
  .iar.init_table    const     0x800'2340    0x14  - Linker created -
  .rodata            const     0x800'2354    0x20  new.o [1]
  .text              ro code   0x800'2374    0x20  putchar.o [2]
  .text              ro code   0x800'2394    0x1e  cmain.o [4]
  .text              ro code   0x800'23b2     0x4  low_level_init.o [2]
  .text              ro code   0x800'23b6     0x4  exit.o [2]
  .text              ro code   0x800'23bc     0xa  cexit.o [4]
  .text              ro code   0x800'23c6    0x16  xprout.o [2]
  .rodata            const     0x800'23dc    0x14  main.o [1]
  .rodata            const     0x800'23f0    0x14  string.o [1]
  .rodata            const     0x800'2404     0xc  new.o [1]
  .rodata            const     0x800'2410     0xc  string.o [1]
  .text              ro code   0x800'241c     0xc  cstartup_M.o [4]
  .rodata            const     0x800'2428     0x8  main.o [1]
  .rodata            const     0x800'2430     0x8  main.o [1]
  .rodata            const     0x800'2438     0x8  xprintffull_nomb.o [2]
  .rodata            const     0x800'2440     0x0  copy_init3.o [4]
  Initializer bytes  const     0x800'2440    0x20  <for P3 s0>
                             - 0x800'2460  0x2420

"P3", part 1 of 2:                           0x20
  P3 s0                       0x2000'0000    0x20  <Init block>
    .data            inited   0x2000'0000     0x8  XShttio.o [2]
    .bss             inited   0x2000'0008     0x8  heap0.o [2]
    .data            inited   0x2000'0010     0x4  string.o [1]
    .bss             inited   0x2000'0014     0x4  xfail_s.o [2]
    .bss             inited   0x2000'0018     0x4  xgetmemchunk.o [2]
    .bss             inited   0x2000'001c     0x1  XShttio.o [2]
                            - 0x2000'0020    0x20

"P3", part 2 of 2:                         0x4000
  CSTACK                      0x2000'0020  0x2000  <Block>
    CSTACK           uninit   0x2000'0020  0x2000  <Block tail>
  HEAP                        0x2000'2020  0x2000  <Block>
    HEAP             uninit   0x2000'2020  0x2000  <Block tail>
                            - 0x2000'4020  0x4000

Unused ranges:

         From           To      Size
         ----           --      ----
          0x0          0x0       0x1
   0x800'2460   0x80f'ffff  0xf'dba0
  0x2000'4020  0x2001'7fff  0x1'3fe0


*******************************************************************************
*** INIT TABLE
***

          Address      Size
          -------      ----
Copy (__iar_copy_init3)
    1 source range, total size 0x20 (110% of destination):
           0x800'2440  0x20
    1 destination range, total size 0x1d:
          0x2000'0000  0x1d



*******************************************************************************
*** MODULE SUMMARY
***

    Module                 ro code  ro data  rw data
    ------                 -------  -------  -------
command line/config:
    ------------------------------------------------
    Total:

C:\Developer\OOP\ooc_book\02_dynamic_linkage\Debug\Obj: [1]
    main.o                     120       36
    new.o                      264      132
    string.o                   164       92        4
    ------------------------------------------------
    Total:                     548      260        4

dl7M_tln.a: [2]
    XShttio.o                   64        9        9
    abort.o                      6
    exit.o                       4
    heap0.o                    368        8        8
    heaptramp0.o                 4
    low_level_init.o             4
    printf.o                    40
    putchar.o                   32
    puts.o                      53
    xfail_s.o                   64        4        4
    xgetmemchunk.o              44        4        4
    xprintffull_nomb.o       4'006        8
    xprout.o                    22
    xxmemxmemzero.o             18
    ------------------------------------------------
    Total:                   4'729       33       25

m7M_tls.a: [3]
    DblAdd.o                   362
    DblCmpGe.o                  46
    DblCmpLe.o                  46
    DblDiv.o                   582
    DblMul.o                   418
    DblSub.o                   226
    DblToS32.o                  58
    DblToU32.o                  40
    S32ToDbl.o                  34
    U32ToDbl.o                  26
    fpinit_M.o                  34
    frexp.o                    112
    ldexp.o                    314
    ------------------------------------------------
    Total:                   2'298

rt7M_tl.a: [4]
    ABImemcpy_unaligned.o      118
    I64DivMod.o                560
    I64DivZer.o                  2
    cexit.o                     10
    cmain.o                     30
    copy_init3.o                46
    cstartup_M.o                12
    data_init.o                 40
    memchr.o                    88
    strchr.o                    22
    strcmp.o                    18
    strcpy.o                    24
    strlen.o                    54
    vector_table_M.o            66
    ------------------------------------------------
    Total:                   1'090

shb_l.a: [5]
    ABIassert.o                 36
    dwrite.o                    30
    exit.o                      20
    iarttio.o                  124
    iarwrite.o                  34
    iarwstd.o                   32
    write.o                     16
    ------------------------------------------------
    Total:                     292

    Gaps                        37        2
    Linker created                       23   16'384
----------------------------------------------------
    Grand Total:             8'994      318   16'413


*******************************************************************************
*** ENTRY LIST
***

Entry                       Address   Size  Type      Object
-----                       -------   ----  ----      ------
.iar.init_table$$Base    0x800'2340          --   Gb  - Linker created -
.iar.init_table$$Limit   0x800'2354          --   Gb  - Linker created -
?main                    0x800'2395         Code  Gb  cmain.o [4]
Aldata                  0x2000'0008    0x8  Data  Lc  heap0.o [2]
CSTACK$$Base            0x2000'0020          --   Gb  - Linker created -
CSTACK$$Limit           0x2000'2020          --   Gb  - Linker created -
HEAP$$Base              0x2000'2020          --   Gb  - Linker created -
HEAP$$Limit             0x2000'4020          --   Gb  - Linker created -
Region$$Table$$Base      0x800'2340          --   Gb  - Linker created -
Region$$Table$$Limit     0x800'2354          --   Gb  - Linker created -
String                  0x2000'0010    0x4  Data  Gb  string.o [1]
String_clone             0x800'201d   0x12  Code  Lc  string.o [1]
String_ctor              0x800'1fc5   0x44  Code  Lc  string.o [1]
String_differ            0x800'202f   0x2e  Code  Lc  string.o [1]
String_dtor              0x800'2009   0x14  Code  Lc  string.o [1]
_LitobFullNoMb           0x800'0de1  0x10a  Code  Lc  xprintffull_nomb.o [2]
_PrintfFullNoMb          0x800'0041  0xd7c  Code  Gb  xprintffull_nomb.o [2]
_Prout                   0x800'23c7   0x16  Code  Gb  xprout.o [2]
_PutcharFullNoMb         0x800'0f51   0x20  Code  Lc  xprintffull_nomb.o [2]
_PutcharsFullNoMb        0x800'0f71   0x2e  Code  Lc  xprintffull_nomb.o [2]
_String                  0x800'23f0   0x14  Data  Lc  string.o [1]
__aeabi_assert           0x800'1f9d   0x24  Code  Gb  ABIassert.o [5]
__aeabi_cdcmple          0x800'11e5         Code  Gb  DblCmpLe.o [3]
__aeabi_cdrcmple         0x800'1215         Code  Gb  DblCmpGe.o [3]
__aeabi_d2iz             0x800'1381         Code  Gb  DblToS32.o [3]
__aeabi_d2uiz            0x800'170d         Code  Gb  DblToU32.o [3]
__aeabi_ddiv             0x800'14c5         Code  Gb  DblDiv.o [3]
__aeabi_dmul             0x800'1751         Code  Gb  DblMul.o [3]
__aeabi_dsub             0x800'13e1         Code  Gb  DblSub.o [3]
__aeabi_i2d              0x800'13bd         Code  Gb  S32ToDbl.o [3]
__aeabi_ldiv0            0x800'1c99         Code  Gb  I64DivZer.o [4]
__aeabi_ui2d             0x800'1735         Code  Gb  U32ToDbl.o [3]
__aeabi_uldivmod         0x800'18f5         Code  Gb  I64DivMod.o [4]
__basic_calloc           0x800'1e1b   0x36  Code  Gb  heap0.o [2]
__basic_free             0x800'1d91   0x16  Code  Gb  heap0.o [2]
__basic_free_intern      0x800'1da7   0x74  Code  Lc  heap0.o [2]
__basic_malloc           0x800'1ce5   0x18  Code  Gb  heap0.o [2]
__basic_malloc_intern    0x800'1cfd   0x94  Code  Lc  heap0.o [2]
__cmain                  0x800'2395         Code  Gb  cmain.o [4]
__data_GetMemChunk       0x800'1e55   0x2c  Code  Gb  xgetmemchunk.o [2]
__data_GetMemChunk::start
                        0x2000'0018    0x4  Data  Lc  xgetmemchunk.o [2]
__data_memzero           0x800'1e81   0x12  Code  Gb  xxmemxmemzero.o [2]
__dwrite                 0x800'217b   0x1e  Code  Gb  dwrite.o [5]
__exit                   0x800'1c9d   0x14  Code  Gb  exit.o [5]
__iar_Fail_s             0x800'102d   0x1c  Code  Gb  xfail_s.o [2]
__iar_Memchr             0x800'10a5         Code  Gb  memchr.o [4]
__iar_Strchr             0x800'1015         Code  Gb  strchr.o [4]
__iar_close_ttio         0x800'1cb1   0x2c  Code  Wk  iarttio.o [5]
__iar_copy_init3         0x800'0fe7   0x2e  Code  Gb  copy_init3.o [4]
__iar_dadd               0x800'13f1         Code  Gb  DblSub.o [3]
__iar_data_init3         0x800'22d1   0x28  Code  Gb  data_init.o [4]
__iar_dsub               0x800'1b2d         Code  Gb  DblAdd.o [3]
__iar_dsubStart          0x800'1b3f         Code  Gb  DblAdd.o [3]
__iar_frexp              0x800'1181         Code  Gb  frexp.o [3]
__iar_frexpl             0x800'1181         Code  Gb  frexp.o [3]
__iar_get_ttio           0x800'21dd   0x4c  Code  Gb  iarttio.o [5]
__iar_init_vfp           0x800'231d         Code  Gb  fpinit_M.o [3]
__iar_ldexp64            0x800'1245         Code  Gb  ldexp.o [3]
__iar_lookup_ttioh       0x800'1cdd    0x8  Code  Gb  XShttio.o [2]
__iar_program_start      0x800'241d         Code  Gb  cstartup_M.o [4]
__iar_scalbln64          0x800'1245         Code  Gb  ldexp.o [3]
__iar_scalbn64           0x800'1245         Code  Gb  ldexp.o [3]
__iar_sh_stdout          0x800'2199   0x20  Code  Gb  iarwstd.o [5]
__iar_sh_write           0x800'21b9   0x22  Code  Gb  iarwrite.o [5]
__iar_softfp___iar_frexp64
                         0x800'1175         Code  Gb  frexp.o [3]
__iar_softfp_frexp       0x800'1175         Code  Gb  frexp.o [3]
__iar_softfp_frexpl      0x800'1175         Code  Gb  frexp.o [3]
__iar_ttio_guard_lock    0x800'222d   0x24  Code  Wk  XShttio.o [2]
__iar_ttio_guard_unlock
                         0x800'2251   0x14  Code  Wk  XShttio.o [2]
__iar_ttio_handles      0x2000'0000    0x8  Data  Lc  XShttio.o [2]
__iar_unaligned_memcpy   0x800'10fd         Code  Gb  ABImemcpy_unaligned.o [4]
__iar_unaligned_memcpy4
                         0x800'111d         Code  Gb  ABImemcpy_unaligned.o [4]
__iar_unaligned_memcpy8
                         0x800'111d         Code  Gb  ABImemcpy_unaligned.o [4]
__low_level_init         0x800'23b3    0x4  Code  Gb  low_level_init.o [2]
__vector_table           0x800'0000         Data  Gb  vector_table_M.o [4]
__write                  0x800'216b   0x10  Code  Gb  write.o [5]
_call_main               0x800'23a1         Code  Gb  cmain.o [4]
_exit                    0x800'23bd         Code  Gb  cexit.o [4]
_main                    0x800'23af         Code  Gb  cmain.o [4]
abort                    0x800'1b25    0x6  Code  Gb  abort.o [2]
clone                    0x800'1ed7   0x2e  Code  Gb  new.o [1]
delete                   0x800'1f05   0x2a  Code  Gb  new.o [1]
differ                   0x800'1f2f   0x34  Code  Gb  new.o [1]
exit                     0x800'23b7    0x4  Code  Gb  exit.o [2]
free                     0x800'1fc1    0x4  Code  Gb  heaptramp0.o [2]
ldexp                    0x800'1245         Code  Gb  ldexp.o [3]
ldexpl                   0x800'1245         Code  Gb  ldexp.o [3]
main                     0x800'2095   0x78  Code  Gb  main.o [1]
memchr                   0x800'10a5         Code  Gb  memchr.o [4]
new                      0x800'1e95   0x42  Code  Gb  new.o [1]
printf                   0x800'210d   0x28  Code  Gb  printf.o [2]
putchar                  0x800'2375   0x20  Code  Gb  putchar.o [2]
puts                     0x800'2135   0x34  Code  Gb  puts.o [2]
puts::newline            0x800'2168    0x1  Data  Lc  puts.o [2]
scalbln                  0x800'1245         Code  Gb  ldexp.o [3]
scalblnl                 0x800'1245         Code  Gb  ldexp.o [3]
scalbn                   0x800'1245         Code  Gb  ldexp.o [3]
scalbnl                  0x800'1245         Code  Gb  ldexp.o [3]
scale                    0x800'0eeb   0x46  Code  Lc  xprintffull_nomb.o [2]
sec_hand                0x2000'0014    0x4  Data  Lc  xfail_s.o [2]
sizeOf                   0x800'1f63   0x24  Code  Gb  new.o [1]
strchr                   0x800'1015         Code  Gb  strchr.o [4]
strcmp                   0x800'2081         Code  Gb  strcmp.o [4]
strcpy                   0x800'2069         Code  Gb  strcpy.o [4]
strlen                   0x800'106d         Code  Gb  strlen.o [4]
ttio_guard              0x2000'001c    0x1  Data  Lc  XShttio.o [2]


[1] = C:\Developer\OOP\ooc_book\02_dynamic_linkage\Debug\Obj
[2] = dl7M_tln.a
[3] = m7M_tls.a
[4] = rt7M_tl.a
[5] = shb_l.a

   8'994 bytes of readonly  code memory
     318 bytes of readonly  data memory
  16'413 bytes of readwrite data memory

Errors: none
Warnings: none
